// Jest Snapshot v1, https://goo.gl/fbAQLP

exports[`Render Login Page render Login Page renders the login page component 1`] = `
<div
  className="container login-body"
>
  <div
    className="row"
  >
    <div
      className="col-md-6"
    >
      <span
        className="login-image-container"
      />
    </div>
    <div
      className="col-md-6 col-xs-12 right-login"
    >
      <h3>
        WELCOME BACK.....
      </h3>
      <h5>
        LOGIN TO AUTHOR\`S HAVEN
      </h5>
      <Connect(FlashMessageList)
        customAlertClass="login-custom-alert"
      />
      <form
        autoComplete="off"
      >
        <TextFieldGroup
          className="form-control login-input"
          customFormDivClass="login-div-class"
          error=""
          errorFeedbackClass="login-invalid-feedback"
          field="email"
          id={null}
          onBlur={[Function]}
          onChange={[Function]}
          onInput={[Function]}
          placeholder="Email"
          type="text"
          validFeedbackClass="login-valid-feedback"
          value="some@email.com"
        />
        <TextFieldGroup
          className="form-control login-input"
          customFormDivClass="login-div-class"
          error=""
          errorFeedbackClass="login-invalid-feedback"
          field="password"
          id={null}
          onBlur={[Function]}
          onChange={[Function]}
          onInput={[Function]}
          placeholder="Password"
          type="password"
          validFeedbackClass="login-valid-feedback"
          value="password"
        />
        <div
          className="forgot-password"
        >
          <Link
            replace={false}
            to="/reset-password"
          >
            <p>
              FORGOT PASSWORD?
            </p>
          </Link>
        </div>
        <div
          className="login-buttons"
        >
          <SubmitButton
            className="login-btn"
            columnAttribute="login-col"
            id={null}
            isRequestSent={true}
            onClick={[Function]}
            value="LOGIN"
          />
        </div>
        <Link
          className="signup-link-container"
          replace={false}
          to="/signup"
        >
          <div
            className="signup-link"
          >
            Unregistered? Sign up here
          </div>
        </Link>
        <div
          className="social-media-icons"
        >
          <a
            href="http://localhost:4001/api/v1/auth/social_fb"
          >
            <span
              className="facebook"
            />
          </a>
          <a
            href="http://localhost:4001/api/v1/auth/social_ggl"
          >
            <span
              className="google"
            />
          </a>
          <a
            href="http://localhost:4001/api/v1/auth/social_tw"
          >
            <span
              className="twitter"
            />
          </a>
        </div>
      </form>
    </div>
  </div>
</div>
`;

exports[`Render Login Page render Login Page renders the login page component 2`] = `
<div
  className="container login-body"
>
  <div
    className="row"
  >
    <div
      className="col-md-6"
    >
      <span
        className="login-image-container"
      />
    </div>
    <div
      className="col-md-6 col-xs-12 right-login"
    >
      <h3>
        WELCOME BACK.....
      </h3>
      <h5>
        LOGIN TO AUTHOR\`S HAVEN
      </h5>
      <Connect(FlashMessageList)
        customAlertClass="login-custom-alert"
      />
      <form
        autoComplete="off"
      >
        <TextFieldGroup
          className="form-control login-input"
          customFormDivClass="login-div-class"
          error=""
          errorFeedbackClass="login-invalid-feedback"
          field="email"
          id={null}
          onBlur={[Function]}
          onChange={[Function]}
          onInput={[Function]}
          placeholder="Email"
          type="text"
          validFeedbackClass="login-valid-feedback"
          value="some@email.com"
        />
        <TextFieldGroup
          className="form-control login-input"
          customFormDivClass="login-div-class"
          error=""
          errorFeedbackClass="login-invalid-feedback"
          field="password"
          id={null}
          onBlur={[Function]}
          onChange={[Function]}
          onInput={[Function]}
          placeholder="Password"
          type="password"
          validFeedbackClass="login-valid-feedback"
          value="password"
        />
        <div
          className="forgot-password"
        >
          <Link
            replace={false}
            to="/reset-password"
          >
            <p>
              FORGOT PASSWORD?
            </p>
          </Link>
        </div>
        <div
          className="login-buttons"
        >
          <SubmitButton
            className="login-btn"
            columnAttribute="login-col"
            id={null}
            isRequestSent={true}
            onClick={[Function]}
            value="LOGIN"
          />
        </div>
        <Link
          className="signup-link-container"
          replace={false}
          to="/signup"
        >
          <div
            className="signup-link"
          >
            Unregistered? Sign up here
          </div>
        </Link>
        <div
          className="social-media-icons"
        >
          <a
            href="http://localhost:4001/api/v1/auth/social_fb"
          >
            <span
              className="facebook"
            />
          </a>
          <a
            href="http://localhost:4001/api/v1/auth/social_ggl"
          >
            <span
              className="google"
            />
          </a>
          <a
            href="http://localhost:4001/api/v1/auth/social_tw"
          >
            <span
              className="twitter"
            />
          </a>
        </div>
      </form>
    </div>
  </div>
</div>
`;
