// Jest Snapshot v1, https://goo.gl/fbAQLP

exports[`Test to successfully render <ResetPassword /> should render Passowrd reset page 1`] = `
<div
  className="container passwordResetBody"
>
  <div
    className="row passwordResetBody"
  >
    <div
      className="d-none d-sm-block col-sm-4 col-md-6 passwordResetImageDiv"
    >
      <span
        className="passwordResetImage"
      />
    </div>
    <div
      className="col-sm-8 col-md-6 text-center textWithInput"
    >
      <div
        className="resetPasswordText"
      >
        <h1
          className="passwordResetH1"
        >
          FORGOT YOUR PASSWORD?
        </h1>
        <h3
          className="passwordResetH3"
        >
          ENTER YOUR EMAIL ADDRESS BELOW AND REQUEST A RESET LINK
        </h3>
      </div>
      <div>
        <form
          className="resetPasswordForm"
          onSubmit={[Function]}
        >
          <div
            className="passwordResetInputDiv"
          >
            <FormInput
              Ref={Object {}}
              className="passwordResetInput"
              id="email"
              name="email"
              onChange={[Function]}
              placeHolder="Enter your email here"
              type="text"
            />
          </div>
          <span
            className="passwordResetInfo"
          />
          <div
            className="passwordresetbuttonDiv"
          >
            <SubmitButton
              className="passwordResetButton"
              columnAttribute={null}
              id="resetPassword"
              isRequestSent={false}
              onClick={[Function]}
              type="button"
              value="REQUEST RESET LINK"
            />
          </div>
        </form>
      </div>
    </div>
  </div>
</div>
`;
