// Jest Snapshot v1, https://goo.gl/fbAQLP

exports[`Unit test for the submit button component.  Render Submit button it should render submit button 1`] = `
ShallowWrapper {
  Symbol(enzyme.__root__): [Circular],
  Symbol(enzyme.__unrendered__): <SubmitButton
    className="btn"
    columnAttribute="signup-col"
    id={null}
    idAttribute="btn-test"
    isRequestSent={true}
    onClick={[Function]}
    submitDetails={[MockFunction]}
    value="SIGNUP"
  />,
  Symbol(enzyme.__renderer__): Object {
    "batchedUpdates": [Function],
    "getNode": [Function],
    "render": [Function],
    "simulateError": [Function],
    "simulateEvent": [Function],
    "unmount": [Function],
  },
  Symbol(enzyme.__node__): Object {
    "instance": null,
    "key": undefined,
    "nodeType": "host",
    "props": Object {
      "children": <div
        className="form-group text-center"
      >
        <button
          className="btn"
          disabled={true}
          id={null}
          onClick={[Function]}
          type="submit"
        >
          SIGNUP
        </button>
      </div>,
      "className": "signup-col",
    },
    "ref": null,
    "rendered": Object {
      "instance": null,
      "key": undefined,
      "nodeType": "host",
      "props": Object {
        "children": <button
          className="btn"
          disabled={true}
          id={null}
          onClick={[Function]}
          type="submit"
        >
          SIGNUP
        </button>,
        "className": "form-group text-center",
      },
      "ref": null,
      "rendered": Object {
        "instance": null,
        "key": undefined,
        "nodeType": "host",
        "props": Object {
          "children": "SIGNUP",
          "className": "btn",
          "disabled": true,
          "id": null,
          "onClick": [Function],
          "type": "submit",
        },
        "ref": null,
        "rendered": "SIGNUP",
        "type": "button",
      },
      "type": "div",
    },
    "type": "div",
  },
  Symbol(enzyme.__nodes__): Array [
    Object {
      "instance": null,
      "key": undefined,
      "nodeType": "host",
      "props": Object {
        "children": <div
          className="form-group text-center"
        >
          <button
            className="btn"
            disabled={true}
            id={null}
            onClick={[Function]}
            type="submit"
          >
            SIGNUP
          </button>
        </div>,
        "className": "signup-col",
      },
      "ref": null,
      "rendered": Object {
        "instance": null,
        "key": undefined,
        "nodeType": "host",
        "props": Object {
          "children": <button
            className="btn"
            disabled={true}
            id={null}
            onClick={[Function]}
            type="submit"
          >
            SIGNUP
          </button>,
          "className": "form-group text-center",
        },
        "ref": null,
        "rendered": Object {
          "instance": null,
          "key": undefined,
          "nodeType": "host",
          "props": Object {
            "children": "SIGNUP",
            "className": "btn",
            "disabled": true,
            "id": null,
            "onClick": [Function],
            "type": "submit",
          },
          "ref": null,
          "rendered": "SIGNUP",
          "type": "button",
        },
        "type": "div",
      },
      "type": "div",
    },
  ],
  Symbol(enzyme.__options__): Object {
    "adapter": ReactSixteenAdapter {
      "options": Object {
        "enableComponentDidUpdateOnSetState": true,
        "lifecycles": Object {
          "componentDidUpdate": Object {
            "onSetState": true,
          },
          "getDerivedStateFromProps": true,
          "getSnapshotBeforeUpdate": true,
          "setState": Object {
            "skipsComponentDidUpdateOnNullish": true,
          },
        },
      },
    },
  },
}
`;
