// Jest Snapshot v1, https://goo.gl/fbAQLP

exports[`Render Submit button it should render submit button 1`] = `
<div
  className="signup-col"
>
  <div
    className="form-group text-center"
  >
    <button
      className="btn"
      disabled={true}
      id="btn-test"
      onClick={[MockFunction]}
      type="submit"
    >
      SIGNUP
    </button>
  </div>
</div>
`;
